// Jest Snapshot v1, https://goo.gl/fbAQLP

exports[`should render expense dashboard as exactly 1`] = `
<div>
  <Connect(ViewTotalExpenses) />
  <Connect(ExpenseListFilters) />
  <Connect(ExpenseList) />
</div>
`;
