// Jest Snapshot v1, https://goo.gl/fbAQLP

exports[`should render Header correctly 1`] = `
<header>
  <h1>
    Title of the expensify app
  </h1>
  <NavLink
    activeClassName="is-active"
    ariaCurrent="true"
    exact={true}
    to="/"
  >
    Dashboard
  </NavLink>
  <NavLink
    activeClassName="is-active"
    ariaCurrent="true"
    to="/create"
  >
    create expense page
  </NavLink>
  <NavLink
    activeClassName="is-active"
    ariaCurrent="true"
    to="/edit"
  >
    Edit page
  </NavLink>
  <NavLink
    activeClassName="is-active"
    ariaCurrent="true"
    to="/help"
  >
    Help
  </NavLink>
  <button
    onClick={[Function]}
  >
    Logout
  </button>
</header>
`;
