// Jest Snapshot v1, https://goo.gl/fbAQLP

exports[`should render Login Page correctly 1`] = `
<div>
  <center>
    <button>
      Login
    </button>
  </center>
</div>
`;
