// Jest Snapshot v1, https://goo.gl/fbAQLP

exports[`should render not page correctly 1`] = `
<div>
  This is not found help page-
  <Link
    replace={false}
    to="/"
  >
    Home
  </Link>
</div>
`;
